rows=3845  parents=322  altermagnet=2841
                              size    median       max
verdict                                               
ALTERMAGNET                   2841  0.406688  1.633544
compensated_FiM_candidate      193  0.204460  0.811564
conventional_AFM_inversion     687  0.013964  0.155382
conventional_AFM_translation   124  0.011844  0.062197
parents containing altermagnetic rows = 244 / 322
[1/3] baseline: 200 fits

=== performance on held-out ALTERMAGNET rows (20 seeds) ===
  full  R2_log 0.5860 ± 0.0225   R2_eV 0.5620 ± 0.0256   n=2841
  am    R2_log 0.5818 ± 0.0230   R2_eV 0.5622 ± 0.0260   n=2841
  dR2_log (am - full) = -0.0042 ± 0.0152   negative in 12/20
  dR2_eV  (am - full) = +0.0002 ± 0.0152   negative in 8/20

  [reference] full model on non-altermagnetic held-out rows: MAE 52.1 meV, n=1004

[2/3] SHAP: 200 fits

=== SHAP ranking (on held-out altermagnetic rows) ===
  full  p_metric(17.2%)  packing_fraction(10.6%)  pd_ratio(7.4%)  p_orb_e_non(5.6%)  center_std_angle(5.2%)  p_metric_std(5.1%)
  am    packing_fraction(17.7%)  pd_ratio(11.4%)  labelled_1st(6.7%)  p_orb_e_non(5.6%)  d_lone_pair(5.5%)  d_orb_e(4.6%)

[3/3] drop-column: 10400 fits

=== five largest drop-column losses, per cohort ===
  --- full (run-to-run sd = 0.0225) ---
    p_metric                         dR2_log -0.0918 ± 0.0146  |d|/sd   4.1  negative in 20/20
    pd_ratio                         dR2_log -0.0149 ± 0.0118  |d|/sd   0.7  negative in 17/20
    p_orb_e_non                      dR2_log -0.0049 ± 0.0074  |d|/sd   0.2  negative in 15/20
    d_orb_e                          dR2_log -0.0042 ± 0.0067  |d|/sd   0.2  negative in 16/20
    hungarian_rotation_angle_deg     dR2_log -0.0031 ± 0.0076  |d|/sd   0.1  negative in 13/20
    -> features exceeding twice the run-to-run sd: 1
  --- am (run-to-run sd = 0.0230) ---
    pd_ratio                         dR2_log -0.0267 ± 0.0111  |d|/sd   1.2  negative in 20/20
    p_metric                         dR2_log -0.0158 ± 0.0072  |d|/sd   0.7  negative in 20/20
    p_metric_std                     dR2_log -0.0099 ± 0.0069  |d|/sd   0.4  negative in 20/20
    p_orb_e_non                      dR2_log -0.0077 ± 0.0077  |d|/sd   0.3  negative in 17/20
    packing_fraction                 dR2_log -0.0072 ± 0.0151  |d|/sd   0.3  negative in 13/20
    -> features exceeding twice the run-to-run sd: 0

done
